// Jest Snapshot v1, https://goo.gl/fbAQLP

exports[`Should match snapshot 1`] = `
<DocumentFragment>
  <input
    class="checkbox"
    id="check"
    name="test-checkbox"
    type="checkbox"
  />
</DocumentFragment>
`;
